[0.237s] DEBUG:colcon:Command line arguments: ['/usr/bin/colcon', 'build']
[0.237s] DEBUG:colcon:Parsed command line arguments: Namespace(log_base=None, log_level=None, verb_name='build', build_base='build', install_base='install', merge_install=False, symlink_install=False, test_result_base=None, continue_on_error=False, executor='parallel', parallel_workers=6, event_handlers=None, ignore_user_meta=False, metas=['./colcon.meta'], base_paths=['.'], packages_ignore=None, packages_ignore_regex=None, paths=None, packages_up_to=None, packages_up_to_regex=None, packages_above=None, packages_above_and_dependencies=None, packages_above_depth=None, packages_select_by_dep=None, packages_skip_by_dep=None, packages_skip_up_to=None, packages_select_build_failed=False, packages_skip_build_finished=False, packages_select_test_failures=False, packages_skip_test_passed=False, packages_select=None, packages_skip=None, packages_select_regex=None, packages_skip_regex=None, packages_start=None, packages_end=None, allow_overriding=[], cmake_args=None, cmake_target=None, cmake_target_skip_unavailable=False, cmake_clean_cache=False, cmake_clean_first=False, cmake_force_configure=False, ament_cmake_args=None, catkin_cmake_args=None, catkin_skip_building_tests=False, mixin_files=None, mixin=None, verb_parser=<colcon_mixin.mixin.mixin_argument.MixinArgumentDecorator object at 0xffff973e8680>, verb_extension=<colcon_core.verb.build.BuildVerb object at 0xffff973e8170>, main=<bound method BuildVerb.main of <colcon_core.verb.build.BuildVerb object at 0xffff973e8170>>, mixin_verb=('build',))
[0.318s] Level 1:colcon.colcon_core.package_discovery:discover_packages(colcon_meta) check parameters
[0.319s] Level 1:colcon.colcon_core.package_discovery:discover_packages(recursive) check parameters
[0.319s] Level 1:colcon.colcon_core.package_discovery:discover_packages(ignore) check parameters
[0.319s] Level 1:colcon.colcon_core.package_discovery:discover_packages(path) check parameters
[0.319s] Level 1:colcon.colcon_core.package_discovery:discover_packages(colcon_meta) discover
[0.319s] Level 1:colcon.colcon_core.package_discovery:discover_packages(recursive) discover
[0.319s] INFO:colcon.colcon_core.package_discovery:Crawling recursively for packages in '/home/turbotitans/ros2_ws/src/rc_car_controller'
[0.320s] Level 1:colcon.colcon_core.package_identification:_identify(.) by extensions ['ignore', 'ignore_ament_install']
[0.320s] Level 1:colcon.colcon_core.package_identification:_identify(.) by extension 'ignore'
[0.320s] Level 1:colcon.colcon_core.package_identification:_identify(.) by extension 'ignore_ament_install'
[0.320s] Level 1:colcon.colcon_core.package_identification:_identify(.) by extensions ['colcon_pkg']
[0.320s] Level 1:colcon.colcon_core.package_identification:_identify(.) by extension 'colcon_pkg'
[0.320s] Level 1:colcon.colcon_core.package_identification:_identify(.) by extensions ['colcon_meta']
[0.320s] Level 1:colcon.colcon_core.package_identification:_identify(.) by extension 'colcon_meta'
[0.320s] Level 1:colcon.colcon_core.package_identification:_identify(.) by extensions ['ros']
[0.320s] Level 1:colcon.colcon_core.package_identification:_identify(.) by extension 'ros'
[0.378s] DEBUG:colcon.colcon_core.package_identification:Package '.' with type 'ros.ament_python' and name 'rc_car_controller'
[0.379s] Level 1:colcon.colcon_core.package_discovery:discover_packages(recursive) using defaults
[0.379s] Level 1:colcon.colcon_core.package_discovery:discover_packages(ignore) discover
[0.379s] Level 1:colcon.colcon_core.package_discovery:discover_packages(ignore) using defaults
[0.379s] Level 1:colcon.colcon_core.package_discovery:discover_packages(path) discover
[0.379s] Level 1:colcon.colcon_core.package_discovery:discover_packages(path) using defaults
[0.415s] Level 1:colcon.colcon_core.package_discovery:discover_packages(prefix_path) check parameters
[0.415s] Level 1:colcon.colcon_core.package_discovery:discover_packages(prefix_path) discover
[0.421s] DEBUG:colcon.colcon_installed_package_information.package_discovery:Found 328 installed packages in /opt/ros/jazzy
[0.423s] Level 1:colcon.colcon_core.package_discovery:discover_packages(prefix_path) using defaults
[0.515s] Level 5:colcon.colcon_core.verb:set package 'rc_car_controller' build argument 'cmake_args' from command line to 'None'
[0.515s] Level 5:colcon.colcon_core.verb:set package 'rc_car_controller' build argument 'cmake_target' from command line to 'None'
[0.515s] Level 5:colcon.colcon_core.verb:set package 'rc_car_controller' build argument 'cmake_target_skip_unavailable' from command line to 'False'
[0.515s] Level 5:colcon.colcon_core.verb:set package 'rc_car_controller' build argument 'cmake_clean_cache' from command line to 'False'
[0.515s] Level 5:colcon.colcon_core.verb:set package 'rc_car_controller' build argument 'cmake_clean_first' from command line to 'False'
[0.515s] Level 5:colcon.colcon_core.verb:set package 'rc_car_controller' build argument 'cmake_force_configure' from command line to 'False'
[0.515s] Level 5:colcon.colcon_core.verb:set package 'rc_car_controller' build argument 'ament_cmake_args' from command line to 'None'
[0.515s] Level 5:colcon.colcon_core.verb:set package 'rc_car_controller' build argument 'catkin_cmake_args' from command line to 'None'
[0.515s] Level 5:colcon.colcon_core.verb:set package 'rc_car_controller' build argument 'catkin_skip_building_tests' from command line to 'False'
[0.515s] DEBUG:colcon.colcon_core.verb:Building package 'rc_car_controller' with the following arguments: {'ament_cmake_args': None, 'build_base': '/home/turbotitans/ros2_ws/src/rc_car_controller/build/rc_car_controller', 'catkin_cmake_args': None, 'catkin_skip_building_tests': False, 'cmake_args': None, 'cmake_clean_cache': False, 'cmake_clean_first': False, 'cmake_force_configure': False, 'cmake_target': None, 'cmake_target_skip_unavailable': False, 'install_base': '/home/turbotitans/ros2_ws/src/rc_car_controller/install/rc_car_controller', 'merge_install': False, 'path': '/home/turbotitans/ros2_ws/src/rc_car_controller', 'symlink_install': False, 'test_result_base': None}
[0.516s] INFO:colcon.colcon_core.executor:Executing jobs using 'parallel' executor
[0.517s] DEBUG:colcon.colcon_parallel_executor.executor.parallel:run_until_complete
[0.518s] INFO:colcon.colcon_ros.task.ament_python.build:Building ROS package in '/home/turbotitans/ros2_ws/src/rc_car_controller' with build type 'ament_python'
[0.518s] Level 1:colcon.colcon_core.shell:create_environment_hook('rc_car_controller', 'ament_prefix_path')
[0.522s] INFO:colcon.colcon_core.plugin_system:Skipping extension 'colcon_core.shell.bat': Not used on non-Windows systems
[0.522s] INFO:colcon.colcon_core.shell:Creating environment hook '/home/turbotitans/ros2_ws/src/rc_car_controller/install/rc_car_controller/share/rc_car_controller/hook/ament_prefix_path.ps1'
[0.525s] INFO:colcon.colcon_core.shell:Creating environment descriptor '/home/turbotitans/ros2_ws/src/rc_car_controller/install/rc_car_controller/share/rc_car_controller/hook/ament_prefix_path.dsv'
[0.532s] INFO:colcon.colcon_core.shell:Creating environment hook '/home/turbotitans/ros2_ws/src/rc_car_controller/install/rc_car_controller/share/rc_car_controller/hook/ament_prefix_path.sh'
[0.534s] INFO:colcon.colcon_core.shell:Skip shell extension 'powershell' for command environment: Not usable outside of PowerShell
[0.534s] DEBUG:colcon.colcon_core.shell:Skip shell extension 'dsv' for command environment
[1.025s] INFO:colcon.colcon_core.task.python.build:Building Python package in '/home/turbotitans/ros2_ws/src/rc_car_controller'
[1.026s] INFO:colcon.colcon_core.shell:Skip shell extension 'powershell' for command environment: Not usable outside of PowerShell
[1.026s] DEBUG:colcon.colcon_core.shell:Skip shell extension 'dsv' for command environment
[2.520s] DEBUG:colcon.colcon_core.task.python.build:Available setuptools commands: register, develop, build_ext, check, update_catalog, init_catalog, dist_info, bdist, build_py, easy_install, build_scripts, install_data, install, setopt, symlink_data, egg_info, upload, editable_wheel, build, clean, bdist_wheel, install_egg_info, upload_docs, alias, sdist, install_scripts, test, build_clib, saveopts, install_headers, extract_messages, bdist_egg, bdist_rpm, bdist_dumb, compile_catalog, install_lib, rotate
[2.526s] DEBUG:colcon.colcon_core.event_handler.log_command:Invoking command in '/home/turbotitans/ros2_ws/src/rc_car_controller': DEBUGINFOD_URLS=https://debuginfod.ubuntu.com PYTHONPATH=/home/turbotitans/ros2_ws/src/rc_car_controller/build/rc_car_controller/prefix_override:/usr/lib/python3/dist-packages/colcon_core/task/python/colcon_distutils_commands:/home/turbotitans/ros2_ws/src/rc_car_controller/install/rc_car_controller/lib/python3.12/site-packages:${PYTHONPATH} /usr/bin/python3 -W ignore:setup.py install is deprecated -W ignore:easy_install command is deprecated setup.py egg_info --egg-base build/rc_car_controller build --build-base /home/turbotitans/ros2_ws/src/rc_car_controller/build/rc_car_controller/build install --record /home/turbotitans/ros2_ws/src/rc_car_controller/build/rc_car_controller/install.log --install-scripts $base/lib/rc_car_controller --single-version-externally-managed install_data
[3.860s] DEBUG:colcon.colcon_core.event_handler.log_command:Invoked command in '/home/turbotitans/ros2_ws/src/rc_car_controller' returned '0': DEBUGINFOD_URLS=https://debuginfod.ubuntu.com PYTHONPATH=/home/turbotitans/ros2_ws/src/rc_car_controller/build/rc_car_controller/prefix_override:/usr/lib/python3/dist-packages/colcon_core/task/python/colcon_distutils_commands:/home/turbotitans/ros2_ws/src/rc_car_controller/install/rc_car_controller/lib/python3.12/site-packages:${PYTHONPATH} /usr/bin/python3 -W ignore:setup.py install is deprecated -W ignore:easy_install command is deprecated setup.py egg_info --egg-base build/rc_car_controller build --build-base /home/turbotitans/ros2_ws/src/rc_car_controller/build/rc_car_controller/build install --record /home/turbotitans/ros2_ws/src/rc_car_controller/build/rc_car_controller/install.log --install-scripts $base/lib/rc_car_controller --single-version-externally-managed install_data
[3.868s] Level 1:colcon.colcon_core.environment:checking '/home/turbotitans/ros2_ws/src/rc_car_controller/install/rc_car_controller' for CMake module files
[3.870s] Level 1:colcon.colcon_core.environment:checking '/home/turbotitans/ros2_ws/src/rc_car_controller/install/rc_car_controller' for CMake config files
[3.875s] Level 1:colcon.colcon_core.environment:checking '/home/turbotitans/ros2_ws/src/rc_car_controller/install/rc_car_controller/lib'
[3.875s] Level 1:colcon.colcon_core.environment:checking '/home/turbotitans/ros2_ws/src/rc_car_controller/install/rc_car_controller/bin'
[3.876s] Level 1:colcon.colcon_core.environment:checking '/home/turbotitans/ros2_ws/src/rc_car_controller/install/rc_car_controller/lib/pkgconfig/rc_car_controller.pc'
[3.877s] Level 1:colcon.colcon_core.environment:checking '/home/turbotitans/ros2_ws/src/rc_car_controller/install/rc_car_controller/lib/python3.12/site-packages'
[3.877s] Level 1:colcon.colcon_core.shell:create_environment_hook('rc_car_controller', 'pythonpath')
[3.879s] INFO:colcon.colcon_core.shell:Creating environment hook '/home/turbotitans/ros2_ws/src/rc_car_controller/install/rc_car_controller/share/rc_car_controller/hook/pythonpath.ps1'
[3.883s] INFO:colcon.colcon_core.shell:Creating environment descriptor '/home/turbotitans/ros2_ws/src/rc_car_controller/install/rc_car_controller/share/rc_car_controller/hook/pythonpath.dsv'
[3.890s] INFO:colcon.colcon_core.shell:Creating environment hook '/home/turbotitans/ros2_ws/src/rc_car_controller/install/rc_car_controller/share/rc_car_controller/hook/pythonpath.sh'
[3.893s] Level 1:colcon.colcon_core.environment:checking '/home/turbotitans/ros2_ws/src/rc_car_controller/install/rc_car_controller/bin'
[3.893s] Level 1:colcon.colcon_core.environment:create_environment_scripts_only(rc_car_controller)
[3.894s] INFO:colcon.colcon_core.shell:Creating package script '/home/turbotitans/ros2_ws/src/rc_car_controller/install/rc_car_controller/share/rc_car_controller/package.ps1'
[3.899s] INFO:colcon.colcon_core.shell:Creating package descriptor '/home/turbotitans/ros2_ws/src/rc_car_controller/install/rc_car_controller/share/rc_car_controller/package.dsv'
[3.901s] INFO:colcon.colcon_core.shell:Creating package script '/home/turbotitans/ros2_ws/src/rc_car_controller/install/rc_car_controller/share/rc_car_controller/package.sh'
[3.905s] INFO:colcon.colcon_core.shell:Creating package script '/home/turbotitans/ros2_ws/src/rc_car_controller/install/rc_car_controller/share/rc_car_controller/package.bash'
[3.908s] INFO:colcon.colcon_core.shell:Creating package script '/home/turbotitans/ros2_ws/src/rc_car_controller/install/rc_car_controller/share/rc_car_controller/package.zsh'
[3.910s] Level 1:colcon.colcon_core.environment:create_file_with_runtime_dependencies(/home/turbotitans/ros2_ws/src/rc_car_controller/install/rc_car_controller/share/colcon-core/packages/rc_car_controller)
[3.912s] DEBUG:colcon.colcon_parallel_executor.executor.parallel:closing loop
[3.914s] DEBUG:colcon.colcon_parallel_executor.executor.parallel:loop closed
[3.914s] DEBUG:colcon.colcon_parallel_executor.executor.parallel:run_until_complete finished with '0'
[3.914s] DEBUG:colcon.colcon_core.event_reactor:joining thread
[3.917s] DEBUG:colcon.colcon_core.event_reactor:joined thread
[3.918s] INFO:colcon.colcon_core.shell:Creating prefix script '/home/turbotitans/ros2_ws/src/rc_car_controller/install/local_setup.ps1'
[3.922s] INFO:colcon.colcon_core.shell:Creating prefix util module '/home/turbotitans/ros2_ws/src/rc_car_controller/install/_local_setup_util_ps1.py'
[3.926s] INFO:colcon.colcon_core.shell:Creating prefix chain script '/home/turbotitans/ros2_ws/src/rc_car_controller/install/setup.ps1'
[3.931s] INFO:colcon.colcon_core.shell:Creating prefix script '/home/turbotitans/ros2_ws/src/rc_car_controller/install/local_setup.sh'
[3.933s] INFO:colcon.colcon_core.shell:Creating prefix util module '/home/turbotitans/ros2_ws/src/rc_car_controller/install/_local_setup_util_sh.py'
[3.935s] INFO:colcon.colcon_core.shell:Creating prefix chain script '/home/turbotitans/ros2_ws/src/rc_car_controller/install/setup.sh'
[3.939s] INFO:colcon.colcon_core.shell:Creating prefix script '/home/turbotitans/ros2_ws/src/rc_car_controller/install/local_setup.bash'
[3.940s] INFO:colcon.colcon_core.shell:Creating prefix chain script '/home/turbotitans/ros2_ws/src/rc_car_controller/install/setup.bash'
[3.943s] INFO:colcon.colcon_core.shell:Creating prefix script '/home/turbotitans/ros2_ws/src/rc_car_controller/install/local_setup.zsh'
[3.944s] INFO:colcon.colcon_core.shell:Creating prefix chain script '/home/turbotitans/ros2_ws/src/rc_car_controller/install/setup.zsh'
