[0.288s] DEBUG:colcon:Command line arguments: ['/usr/bin/colcon', 'build']
[0.289s] DEBUG:colcon:Parsed command line arguments: Namespace(log_base=None, log_level=None, verb_name='build', build_base='build', install_base='install', merge_install=False, symlink_install=False, test_result_base=None, continue_on_error=False, executor='parallel', parallel_workers=6, event_handlers=None, ignore_user_meta=False, metas=['./colcon.meta'], base_paths=['.'], packages_ignore=None, packages_ignore_regex=None, paths=None, packages_up_to=None, packages_up_to_regex=None, packages_above=None, packages_above_and_dependencies=None, packages_above_depth=None, packages_select_by_dep=None, packages_skip_by_dep=None, packages_skip_up_to=None, packages_select_build_failed=False, packages_skip_build_finished=False, packages_select_test_failures=False, packages_skip_test_passed=False, packages_select=None, packages_skip=None, packages_select_regex=None, packages_skip_regex=None, packages_start=None, packages_end=None, allow_overriding=[], cmake_args=None, cmake_target=None, cmake_target_skip_unavailable=False, cmake_clean_cache=False, cmake_clean_first=False, cmake_force_configure=False, ament_cmake_args=None, catkin_cmake_args=None, catkin_skip_building_tests=False, mixin_files=None, mixin=None, verb_parser=<colcon_mixin.mixin.mixin_argument.MixinArgumentDecorator object at 0xffff926771a0>, verb_extension=<colcon_core.verb.build.BuildVerb object at 0xffff926a43e0>, main=<bound method BuildVerb.main of <colcon_core.verb.build.BuildVerb object at 0xffff926a43e0>>, mixin_verb=('build',))
[0.386s] Level 1:colcon.colcon_core.package_discovery:discover_packages(colcon_meta) check parameters
[0.387s] Level 1:colcon.colcon_core.package_discovery:discover_packages(recursive) check parameters
[0.387s] Level 1:colcon.colcon_core.package_discovery:discover_packages(ignore) check parameters
[0.387s] Level 1:colcon.colcon_core.package_discovery:discover_packages(path) check parameters
[0.387s] Level 1:colcon.colcon_core.package_discovery:discover_packages(colcon_meta) discover
[0.388s] Level 1:colcon.colcon_core.package_discovery:discover_packages(recursive) discover
[0.388s] INFO:colcon.colcon_core.package_discovery:Crawling recursively for packages in '/home/turbotitans/ros2_ws/src/rc_car_controller'
[0.388s] Level 1:colcon.colcon_core.package_identification:_identify(.) by extensions ['ignore', 'ignore_ament_install']
[0.388s] Level 1:colcon.colcon_core.package_identification:_identify(.) by extension 'ignore'
[0.389s] Level 1:colcon.colcon_core.package_identification:_identify(.) by extension 'ignore_ament_install'
[0.389s] Level 1:colcon.colcon_core.package_identification:_identify(.) by extensions ['colcon_pkg']
[0.389s] Level 1:colcon.colcon_core.package_identification:_identify(.) by extension 'colcon_pkg'
[0.389s] Level 1:colcon.colcon_core.package_identification:_identify(.) by extensions ['colcon_meta']
[0.389s] Level 1:colcon.colcon_core.package_identification:_identify(.) by extension 'colcon_meta'
[0.389s] Level 1:colcon.colcon_core.package_identification:_identify(.) by extensions ['ros']
[0.389s] Level 1:colcon.colcon_core.package_identification:_identify(.) by extension 'ros'
[0.461s] DEBUG:colcon.colcon_core.package_identification:Package '.' with type 'ros.ament_python' and name 'rc_car_controller'
[0.461s] Level 1:colcon.colcon_core.package_discovery:discover_packages(recursive) using defaults
[0.462s] Level 1:colcon.colcon_core.package_discovery:discover_packages(ignore) discover
[0.462s] Level 1:colcon.colcon_core.package_discovery:discover_packages(ignore) using defaults
[0.462s] Level 1:colcon.colcon_core.package_discovery:discover_packages(path) discover
[0.462s] Level 1:colcon.colcon_core.package_discovery:discover_packages(path) using defaults
[0.507s] Level 1:colcon.colcon_core.package_discovery:discover_packages(prefix_path) check parameters
[0.508s] Level 1:colcon.colcon_core.package_discovery:discover_packages(prefix_path) discover
[0.512s] DEBUG:colcon.colcon_installed_package_information.package_discovery:Found 1 installed packages in /home/turbotitans/ros2_ws/src/rc_car_controller/install
[0.515s] DEBUG:colcon.colcon_installed_package_information.package_discovery:Found 328 installed packages in /opt/ros/jazzy
[0.517s] Level 1:colcon.colcon_core.package_discovery:discover_packages(prefix_path) using defaults
[0.621s] Level 5:colcon.colcon_core.verb:set package 'rc_car_controller' build argument 'cmake_args' from command line to 'None'
[0.621s] Level 5:colcon.colcon_core.verb:set package 'rc_car_controller' build argument 'cmake_target' from command line to 'None'
[0.621s] Level 5:colcon.colcon_core.verb:set package 'rc_car_controller' build argument 'cmake_target_skip_unavailable' from command line to 'False'
[0.621s] Level 5:colcon.colcon_core.verb:set package 'rc_car_controller' build argument 'cmake_clean_cache' from command line to 'False'
[0.622s] Level 5:colcon.colcon_core.verb:set package 'rc_car_controller' build argument 'cmake_clean_first' from command line to 'False'
[0.622s] Level 5:colcon.colcon_core.verb:set package 'rc_car_controller' build argument 'cmake_force_configure' from command line to 'False'
[0.622s] Level 5:colcon.colcon_core.verb:set package 'rc_car_controller' build argument 'ament_cmake_args' from command line to 'None'
[0.622s] Level 5:colcon.colcon_core.verb:set package 'rc_car_controller' build argument 'catkin_cmake_args' from command line to 'None'
[0.622s] Level 5:colcon.colcon_core.verb:set package 'rc_car_controller' build argument 'catkin_skip_building_tests' from command line to 'False'
[0.622s] DEBUG:colcon.colcon_core.verb:Building package 'rc_car_controller' with the following arguments: {'ament_cmake_args': None, 'build_base': '/home/turbotitans/ros2_ws/src/rc_car_controller/build/rc_car_controller', 'catkin_cmake_args': None, 'catkin_skip_building_tests': False, 'cmake_args': None, 'cmake_clean_cache': False, 'cmake_clean_first': False, 'cmake_force_configure': False, 'cmake_target': None, 'cmake_target_skip_unavailable': False, 'install_base': '/home/turbotitans/ros2_ws/src/rc_car_controller/install/rc_car_controller', 'merge_install': False, 'path': '/home/turbotitans/ros2_ws/src/rc_car_controller', 'symlink_install': False, 'test_result_base': None}
[0.622s] INFO:colcon.colcon_core.executor:Executing jobs using 'parallel' executor
[0.624s] DEBUG:colcon.colcon_parallel_executor.executor.parallel:run_until_complete
[0.625s] INFO:colcon.colcon_ros.task.ament_python.build:Building ROS package in '/home/turbotitans/ros2_ws/src/rc_car_controller' with build type 'ament_python'
[0.625s] Level 1:colcon.colcon_core.shell:create_environment_hook('rc_car_controller', 'ament_prefix_path')
[0.630s] INFO:colcon.colcon_core.plugin_system:Skipping extension 'colcon_core.shell.bat': Not used on non-Windows systems
[0.630s] INFO:colcon.colcon_core.shell:Creating environment hook '/home/turbotitans/ros2_ws/src/rc_car_controller/install/rc_car_controller/share/rc_car_controller/hook/ament_prefix_path.ps1'
[0.633s] INFO:colcon.colcon_core.shell:Creating environment descriptor '/home/turbotitans/ros2_ws/src/rc_car_controller/install/rc_car_controller/share/rc_car_controller/hook/ament_prefix_path.dsv'
[0.640s] INFO:colcon.colcon_core.shell:Creating environment hook '/home/turbotitans/ros2_ws/src/rc_car_controller/install/rc_car_controller/share/rc_car_controller/hook/ament_prefix_path.sh'
[0.642s] INFO:colcon.colcon_core.shell:Skip shell extension 'powershell' for command environment: Not usable outside of PowerShell
[0.642s] DEBUG:colcon.colcon_core.shell:Skip shell extension 'dsv' for command environment
[1.267s] INFO:colcon.colcon_core.task.python.build:Building Python package in '/home/turbotitans/ros2_ws/src/rc_car_controller'
[1.268s] INFO:colcon.colcon_core.shell:Skip shell extension 'powershell' for command environment: Not usable outside of PowerShell
[1.268s] DEBUG:colcon.colcon_core.shell:Skip shell extension 'dsv' for command environment
[3.035s] DEBUG:colcon.colcon_core.task.python.build:Available setuptools commands: update_catalog, dist_info, compile_catalog, easy_install, build, bdist, alias, develop, editable_wheel, build_scripts, install_egg_info, upload, egg_info, bdist_dumb, install_scripts, install, install_data, check, symlink_data, build_ext, sdist, bdist_wheel, setopt, install_headers, init_catalog, extract_messages, install_lib, build_clib, clean, bdist_egg, build_py, rotate, test, upload_docs, saveopts, register, bdist_rpm
[3.038s] DEBUG:colcon.colcon_core.event_handler.log_command:Invoking command in '/home/turbotitans/ros2_ws/src/rc_car_controller': DEBUGINFOD_URLS=https://debuginfod.ubuntu.com PYTHONPATH=/home/turbotitans/ros2_ws/src/rc_car_controller/build/rc_car_controller/prefix_override:/usr/lib/python3/dist-packages/colcon_core/task/python/colcon_distutils_commands:/home/turbotitans/ros2_ws/src/rc_car_controller/install/rc_car_controller/lib/python3.12/site-packages:${PYTHONPATH} /usr/bin/python3 -W ignore:setup.py install is deprecated -W ignore:easy_install command is deprecated setup.py egg_info --egg-base build/rc_car_controller build --build-base /home/turbotitans/ros2_ws/src/rc_car_controller/build/rc_car_controller/build install --record /home/turbotitans/ros2_ws/src/rc_car_controller/build/rc_car_controller/install.log --install-scripts $base/lib/rc_car_controller --single-version-externally-managed install_data
[4.620s] DEBUG:colcon.colcon_core.event_handler.log_command:Invoked command in '/home/turbotitans/ros2_ws/src/rc_car_controller' returned '0': DEBUGINFOD_URLS=https://debuginfod.ubuntu.com PYTHONPATH=/home/turbotitans/ros2_ws/src/rc_car_controller/build/rc_car_controller/prefix_override:/usr/lib/python3/dist-packages/colcon_core/task/python/colcon_distutils_commands:/home/turbotitans/ros2_ws/src/rc_car_controller/install/rc_car_controller/lib/python3.12/site-packages:${PYTHONPATH} /usr/bin/python3 -W ignore:setup.py install is deprecated -W ignore:easy_install command is deprecated setup.py egg_info --egg-base build/rc_car_controller build --build-base /home/turbotitans/ros2_ws/src/rc_car_controller/build/rc_car_controller/build install --record /home/turbotitans/ros2_ws/src/rc_car_controller/build/rc_car_controller/install.log --install-scripts $base/lib/rc_car_controller --single-version-externally-managed install_data
[4.622s] Level 1:colcon.colcon_core.environment:checking '/home/turbotitans/ros2_ws/src/rc_car_controller/install/rc_car_controller' for CMake module files
[4.623s] Level 1:colcon.colcon_core.environment:checking '/home/turbotitans/ros2_ws/src/rc_car_controller/install/rc_car_controller' for CMake config files
[4.624s] Level 1:colcon.colcon_core.environment:checking '/home/turbotitans/ros2_ws/src/rc_car_controller/install/rc_car_controller/lib'
[4.625s] Level 1:colcon.colcon_core.environment:checking '/home/turbotitans/ros2_ws/src/rc_car_controller/install/rc_car_controller/bin'
[4.625s] Level 1:colcon.colcon_core.environment:checking '/home/turbotitans/ros2_ws/src/rc_car_controller/install/rc_car_controller/lib/pkgconfig/rc_car_controller.pc'
[4.625s] Level 1:colcon.colcon_core.environment:checking '/home/turbotitans/ros2_ws/src/rc_car_controller/install/rc_car_controller/lib/python3.12/site-packages'
[4.626s] Level 1:colcon.colcon_core.shell:create_environment_hook('rc_car_controller', 'pythonpath')
[4.626s] INFO:colcon.colcon_core.shell:Creating environment hook '/home/turbotitans/ros2_ws/src/rc_car_controller/install/rc_car_controller/share/rc_car_controller/hook/pythonpath.ps1'
[4.628s] INFO:colcon.colcon_core.shell:Creating environment descriptor '/home/turbotitans/ros2_ws/src/rc_car_controller/install/rc_car_controller/share/rc_car_controller/hook/pythonpath.dsv'
[4.636s] INFO:colcon.colcon_core.shell:Creating environment hook '/home/turbotitans/ros2_ws/src/rc_car_controller/install/rc_car_controller/share/rc_car_controller/hook/pythonpath.sh'
[4.639s] Level 1:colcon.colcon_core.environment:checking '/home/turbotitans/ros2_ws/src/rc_car_controller/install/rc_car_controller/bin'
[4.639s] Level 1:colcon.colcon_core.environment:create_environment_scripts_only(rc_car_controller)
[4.640s] INFO:colcon.colcon_core.shell:Creating package script '/home/turbotitans/ros2_ws/src/rc_car_controller/install/rc_car_controller/share/rc_car_controller/package.ps1'
[4.642s] INFO:colcon.colcon_core.shell:Creating package descriptor '/home/turbotitans/ros2_ws/src/rc_car_controller/install/rc_car_controller/share/rc_car_controller/package.dsv'
[4.643s] INFO:colcon.colcon_core.shell:Creating package script '/home/turbotitans/ros2_ws/src/rc_car_controller/install/rc_car_controller/share/rc_car_controller/package.sh'
[4.645s] INFO:colcon.colcon_core.shell:Creating package script '/home/turbotitans/ros2_ws/src/rc_car_controller/install/rc_car_controller/share/rc_car_controller/package.bash'
[4.647s] INFO:colcon.colcon_core.shell:Creating package script '/home/turbotitans/ros2_ws/src/rc_car_controller/install/rc_car_controller/share/rc_car_controller/package.zsh'
[4.648s] Level 1:colcon.colcon_core.environment:create_file_with_runtime_dependencies(/home/turbotitans/ros2_ws/src/rc_car_controller/install/rc_car_controller/share/colcon-core/packages/rc_car_controller)
[4.649s] DEBUG:colcon.colcon_parallel_executor.executor.parallel:closing loop
[4.650s] DEBUG:colcon.colcon_parallel_executor.executor.parallel:loop closed
[4.650s] DEBUG:colcon.colcon_parallel_executor.executor.parallel:run_until_complete finished with '0'
[4.650s] DEBUG:colcon.colcon_core.event_reactor:joining thread
[4.651s] DEBUG:colcon.colcon_core.event_reactor:joined thread
[4.651s] INFO:colcon.colcon_core.shell:Creating prefix script '/home/turbotitans/ros2_ws/src/rc_car_controller/install/local_setup.ps1'
[4.653s] INFO:colcon.colcon_core.shell:Creating prefix util module '/home/turbotitans/ros2_ws/src/rc_car_controller/install/_local_setup_util_ps1.py'
[4.655s] INFO:colcon.colcon_core.shell:Creating prefix chain script '/home/turbotitans/ros2_ws/src/rc_car_controller/install/setup.ps1'
[4.658s] INFO:colcon.colcon_core.shell:Creating prefix script '/home/turbotitans/ros2_ws/src/rc_car_controller/install/local_setup.sh'
[4.659s] INFO:colcon.colcon_core.shell:Creating prefix util module '/home/turbotitans/ros2_ws/src/rc_car_controller/install/_local_setup_util_sh.py'
[4.660s] INFO:colcon.colcon_core.shell:Creating prefix chain script '/home/turbotitans/ros2_ws/src/rc_car_controller/install/setup.sh'
[4.663s] INFO:colcon.colcon_core.shell:Creating prefix script '/home/turbotitans/ros2_ws/src/rc_car_controller/install/local_setup.bash'
[4.664s] INFO:colcon.colcon_core.shell:Creating prefix chain script '/home/turbotitans/ros2_ws/src/rc_car_controller/install/setup.bash'
[4.666s] INFO:colcon.colcon_core.shell:Creating prefix script '/home/turbotitans/ros2_ws/src/rc_car_controller/install/local_setup.zsh'
[4.668s] INFO:colcon.colcon_core.shell:Creating prefix chain script '/home/turbotitans/ros2_ws/src/rc_car_controller/install/setup.zsh'
