[0.089s] DEBUG:colcon:Command line arguments: ['/usr/bin/colcon', 'build']
[0.089s] DEBUG:colcon:Parsed command line arguments: Namespace(log_base=None, log_level=None, verb_name='build', build_base='build', install_base='install', merge_install=False, symlink_install=False, test_result_base=None, continue_on_error=False, executor='parallel', parallel_workers=20, event_handlers=None, ignore_user_meta=False, metas=['./colcon.meta'], base_paths=['.'], packages_ignore=None, packages_ignore_regex=None, paths=None, packages_up_to=None, packages_up_to_regex=None, packages_above=None, packages_above_and_dependencies=None, packages_above_depth=None, packages_select_by_dep=None, packages_skip_by_dep=None, packages_skip_up_to=None, packages_select_build_failed=False, packages_skip_build_finished=False, packages_select_test_failures=False, packages_skip_test_passed=False, packages_select=None, packages_skip=None, packages_select_regex=None, packages_skip_regex=None, packages_start=None, packages_end=None, allow_overriding=[], cmake_args=None, cmake_target=None, cmake_target_skip_unavailable=False, cmake_clean_cache=False, cmake_clean_first=False, cmake_force_configure=False, ament_cmake_args=None, catkin_cmake_args=None, catkin_skip_building_tests=False, verb_parser=<colcon_defaults.argument_parser.defaults.DefaultArgumentsDecorator object at 0x7808f32a8070>, verb_extension=<colcon_core.verb.build.BuildVerb object at 0x7808f321d6f0>, main=<bound method BuildVerb.main of <colcon_core.verb.build.BuildVerb object at 0x7808f321d6f0>>)
[0.254s] Level 1:colcon.colcon_core.package_discovery:discover_packages(colcon_meta) check parameters
[0.254s] Level 1:colcon.colcon_core.package_discovery:discover_packages(recursive) check parameters
[0.254s] Level 1:colcon.colcon_core.package_discovery:discover_packages(ignore) check parameters
[0.254s] Level 1:colcon.colcon_core.package_discovery:discover_packages(path) check parameters
[0.254s] Level 1:colcon.colcon_core.package_discovery:discover_packages(colcon_meta) discover
[0.254s] Level 1:colcon.colcon_core.package_discovery:discover_packages(recursive) discover
[0.254s] INFO:colcon.colcon_core.package_discovery:Crawling recursively for packages in '/mnt/external/u_manohs/diy_challenge/ros2_ws/src/rc_car_controller'
[0.254s] Level 1:colcon.colcon_core.package_identification:_identify(.) by extensions ['ignore', 'ignore_ament_install']
[0.254s] Level 1:colcon.colcon_core.package_identification:_identify(.) by extension 'ignore'
[0.255s] Level 1:colcon.colcon_core.package_identification:_identify(.) by extension 'ignore_ament_install'
[0.255s] Level 1:colcon.colcon_core.package_identification:_identify(.) by extensions ['colcon_pkg']
[0.255s] Level 1:colcon.colcon_core.package_identification:_identify(.) by extension 'colcon_pkg'
[0.255s] Level 1:colcon.colcon_core.package_identification:_identify(.) by extensions ['colcon_meta']
[0.255s] Level 1:colcon.colcon_core.package_identification:_identify(.) by extension 'colcon_meta'
[0.255s] Level 1:colcon.colcon_core.package_identification:_identify(.) by extensions ['ros']
[0.255s] Level 1:colcon.colcon_core.package_identification:_identify(.) by extension 'ros'
[0.265s] DEBUG:colcon.colcon_core.package_identification:Package '.' with type 'ros.ament_python' and name 'rc_car_controller'
[0.265s] Level 1:colcon.colcon_core.package_discovery:discover_packages(recursive) using defaults
[0.265s] Level 1:colcon.colcon_core.package_discovery:discover_packages(ignore) discover
[0.265s] Level 1:colcon.colcon_core.package_discovery:discover_packages(ignore) using defaults
[0.265s] Level 1:colcon.colcon_core.package_discovery:discover_packages(path) discover
[0.265s] Level 1:colcon.colcon_core.package_discovery:discover_packages(path) using defaults
[0.277s] Level 1:colcon.colcon_core.package_discovery:discover_packages(prefix_path) check parameters
[0.277s] Level 1:colcon.colcon_core.package_discovery:discover_packages(prefix_path) discover
[0.279s] DEBUG:colcon.colcon_installed_package_information.package_discovery:Found 2 installed packages in /home/u_manohs/ros2_ws/install
[0.280s] DEBUG:colcon.colcon_installed_package_information.package_discovery:Found 454 installed packages in /opt/ros/humble
[0.281s] Level 1:colcon.colcon_core.package_discovery:discover_packages(prefix_path) using defaults
[0.366s] Level 5:colcon.colcon_core.verb:set package 'rc_car_controller' build argument 'cmake_args' from command line to 'None'
[0.366s] Level 5:colcon.colcon_core.verb:set package 'rc_car_controller' build argument 'cmake_target' from command line to 'None'
[0.366s] Level 5:colcon.colcon_core.verb:set package 'rc_car_controller' build argument 'cmake_target_skip_unavailable' from command line to 'False'
[0.366s] Level 5:colcon.colcon_core.verb:set package 'rc_car_controller' build argument 'cmake_clean_cache' from command line to 'False'
[0.366s] Level 5:colcon.colcon_core.verb:set package 'rc_car_controller' build argument 'cmake_clean_first' from command line to 'False'
[0.366s] Level 5:colcon.colcon_core.verb:set package 'rc_car_controller' build argument 'cmake_force_configure' from command line to 'False'
[0.366s] Level 5:colcon.colcon_core.verb:set package 'rc_car_controller' build argument 'ament_cmake_args' from command line to 'None'
[0.366s] Level 5:colcon.colcon_core.verb:set package 'rc_car_controller' build argument 'catkin_cmake_args' from command line to 'None'
[0.366s] Level 5:colcon.colcon_core.verb:set package 'rc_car_controller' build argument 'catkin_skip_building_tests' from command line to 'False'
[0.366s] DEBUG:colcon.colcon_core.verb:Building package 'rc_car_controller' with the following arguments: {'ament_cmake_args': None, 'build_base': '/mnt/external/u_manohs/diy_challenge/ros2_ws/src/rc_car_controller/build/rc_car_controller', 'catkin_cmake_args': None, 'catkin_skip_building_tests': False, 'cmake_args': None, 'cmake_clean_cache': False, 'cmake_clean_first': False, 'cmake_force_configure': False, 'cmake_target': None, 'cmake_target_skip_unavailable': False, 'install_base': '/mnt/external/u_manohs/diy_challenge/ros2_ws/src/rc_car_controller/install/rc_car_controller', 'merge_install': False, 'path': '/mnt/external/u_manohs/diy_challenge/ros2_ws/src/rc_car_controller', 'symlink_install': False, 'test_result_base': None}
[0.366s] INFO:colcon.colcon_core.executor:Executing jobs using 'parallel' executor
[0.367s] DEBUG:colcon.colcon_parallel_executor.executor.parallel:run_until_complete
[0.368s] INFO:colcon.colcon_ros.task.ament_python.build:Building ROS package in '/mnt/external/u_manohs/diy_challenge/ros2_ws/src/rc_car_controller' with build type 'ament_python'
[0.368s] Level 1:colcon.colcon_core.shell:create_environment_hook('rc_car_controller', 'ament_prefix_path')
[0.369s] INFO:colcon.colcon_core.plugin_system:Skipping extension 'colcon_core.shell.bat': Not used on non-Windows systems
[0.369s] INFO:colcon.colcon_core.shell:Creating environment hook '/mnt/external/u_manohs/diy_challenge/ros2_ws/src/rc_car_controller/install/rc_car_controller/share/rc_car_controller/hook/ament_prefix_path.ps1'
[0.370s] INFO:colcon.colcon_core.shell:Creating environment descriptor '/mnt/external/u_manohs/diy_challenge/ros2_ws/src/rc_car_controller/install/rc_car_controller/share/rc_car_controller/hook/ament_prefix_path.dsv'
[0.370s] INFO:colcon.colcon_core.shell:Creating environment hook '/mnt/external/u_manohs/diy_challenge/ros2_ws/src/rc_car_controller/install/rc_car_controller/share/rc_car_controller/hook/ament_prefix_path.sh'
[0.370s] INFO:colcon.colcon_core.shell:Skip shell extension 'powershell' for command environment: Not usable outside of PowerShell
[0.370s] DEBUG:colcon.colcon_core.shell:Skip shell extension 'dsv' for command environment
[0.575s] INFO:colcon.colcon_core.task.python.build:Building Python package in '/mnt/external/u_manohs/diy_challenge/ros2_ws/src/rc_car_controller'
[0.575s] INFO:colcon.colcon_core.shell:Skip shell extension 'powershell' for command environment: Not usable outside of PowerShell
[0.575s] DEBUG:colcon.colcon_core.shell:Skip shell extension 'dsv' for command environment
[1.009s] DEBUG:colcon.colcon_core.task.python.build:Available setuptools commands: clean, easy_install, extract_messages, install_headers, install_lib, build_scripts, bdist_egg, rotate, test, build, register, bdist_dumb, alias, egg_info, bdist, develop, upload_docs, setopt, build_clib, bdist_wheel, install, dist_info, bdist_pex, symlink_data, sdist, check, install_egg_info, install_data, build_py, update_catalog, init_catalog, upload, install_scripts, compile_catalog, saveopts, build_ext, bdist_rpm
[1.010s] DEBUG:colcon.colcon_core.event_handler.log_command:Invoking command in '/mnt/external/u_manohs/diy_challenge/ros2_ws/src/rc_car_controller': PS1=\[\e[33m\]${SHORT_PWD}\[\e[0m\] (\[\e[32m\]$(__git_branch)\[\e[0m\])$ PYTHONPATH=/mnt/external/u_manohs/diy_challenge/ros2_ws/src/rc_car_controller/build/rc_car_controller/prefix_override:/usr/lib/python3/dist-packages/colcon_core/task/python/colcon_distutils_commands:/mnt/external/u_manohs/diy_challenge/ros2_ws/src/rc_car_controller/install/rc_car_controller/lib/python3.10/site-packages:${PYTHONPATH} /usr/bin/python3 -W ignore:setup.py install is deprecated -W ignore:easy_install command is deprecated setup.py egg_info --egg-base build/rc_car_controller build --build-base /mnt/external/u_manohs/diy_challenge/ros2_ws/src/rc_car_controller/build/rc_car_controller/build install --record /mnt/external/u_manohs/diy_challenge/ros2_ws/src/rc_car_controller/build/rc_car_controller/install.log --install-scripts $base/lib/rc_car_controller --single-version-externally-managed install_data
[1.200s] DEBUG:colcon.colcon_core.event_handler.log_command:Invoked command in '/mnt/external/u_manohs/diy_challenge/ros2_ws/src/rc_car_controller' returned '0': PS1=\[\e[33m\]${SHORT_PWD}\[\e[0m\] (\[\e[32m\]$(__git_branch)\[\e[0m\])$ PYTHONPATH=/mnt/external/u_manohs/diy_challenge/ros2_ws/src/rc_car_controller/build/rc_car_controller/prefix_override:/usr/lib/python3/dist-packages/colcon_core/task/python/colcon_distutils_commands:/mnt/external/u_manohs/diy_challenge/ros2_ws/src/rc_car_controller/install/rc_car_controller/lib/python3.10/site-packages:${PYTHONPATH} /usr/bin/python3 -W ignore:setup.py install is deprecated -W ignore:easy_install command is deprecated setup.py egg_info --egg-base build/rc_car_controller build --build-base /mnt/external/u_manohs/diy_challenge/ros2_ws/src/rc_car_controller/build/rc_car_controller/build install --record /mnt/external/u_manohs/diy_challenge/ros2_ws/src/rc_car_controller/build/rc_car_controller/install.log --install-scripts $base/lib/rc_car_controller --single-version-externally-managed install_data
[1.201s] Level 1:colcon.colcon_core.environment:checking '/mnt/external/u_manohs/diy_challenge/ros2_ws/src/rc_car_controller/install/rc_car_controller' for CMake module files
[1.202s] Level 1:colcon.colcon_core.environment:checking '/mnt/external/u_manohs/diy_challenge/ros2_ws/src/rc_car_controller/install/rc_car_controller' for CMake config files
[1.202s] Level 1:colcon.colcon_core.environment:checking '/mnt/external/u_manohs/diy_challenge/ros2_ws/src/rc_car_controller/install/rc_car_controller/lib'
[1.202s] Level 1:colcon.colcon_core.environment:checking '/mnt/external/u_manohs/diy_challenge/ros2_ws/src/rc_car_controller/install/rc_car_controller/bin'
[1.202s] Level 1:colcon.colcon_core.environment:checking '/mnt/external/u_manohs/diy_challenge/ros2_ws/src/rc_car_controller/install/rc_car_controller/lib/pkgconfig/rc_car_controller.pc'
[1.202s] Level 1:colcon.colcon_core.environment:checking '/mnt/external/u_manohs/diy_challenge/ros2_ws/src/rc_car_controller/install/rc_car_controller/lib/python3.10/site-packages'
[1.202s] Level 1:colcon.colcon_core.shell:create_environment_hook('rc_car_controller', 'pythonpath')
[1.203s] INFO:colcon.colcon_core.shell:Creating environment hook '/mnt/external/u_manohs/diy_challenge/ros2_ws/src/rc_car_controller/install/rc_car_controller/share/rc_car_controller/hook/pythonpath.ps1'
[1.203s] INFO:colcon.colcon_core.shell:Creating environment descriptor '/mnt/external/u_manohs/diy_challenge/ros2_ws/src/rc_car_controller/install/rc_car_controller/share/rc_car_controller/hook/pythonpath.dsv'
[1.203s] INFO:colcon.colcon_core.shell:Creating environment hook '/mnt/external/u_manohs/diy_challenge/ros2_ws/src/rc_car_controller/install/rc_car_controller/share/rc_car_controller/hook/pythonpath.sh'
[1.203s] Level 1:colcon.colcon_core.environment:checking '/mnt/external/u_manohs/diy_challenge/ros2_ws/src/rc_car_controller/install/rc_car_controller/bin'
[1.203s] Level 1:colcon.colcon_core.environment:create_environment_scripts_only(rc_car_controller)
[1.204s] INFO:colcon.colcon_core.shell:Creating package script '/mnt/external/u_manohs/diy_challenge/ros2_ws/src/rc_car_controller/install/rc_car_controller/share/rc_car_controller/package.ps1'
[1.204s] INFO:colcon.colcon_core.shell:Creating package descriptor '/mnt/external/u_manohs/diy_challenge/ros2_ws/src/rc_car_controller/install/rc_car_controller/share/rc_car_controller/package.dsv'
[1.205s] INFO:colcon.colcon_core.shell:Creating package script '/mnt/external/u_manohs/diy_challenge/ros2_ws/src/rc_car_controller/install/rc_car_controller/share/rc_car_controller/package.sh'
[1.205s] INFO:colcon.colcon_core.shell:Creating package script '/mnt/external/u_manohs/diy_challenge/ros2_ws/src/rc_car_controller/install/rc_car_controller/share/rc_car_controller/package.bash'
[1.205s] INFO:colcon.colcon_core.shell:Creating package script '/mnt/external/u_manohs/diy_challenge/ros2_ws/src/rc_car_controller/install/rc_car_controller/share/rc_car_controller/package.zsh'
[1.206s] Level 1:colcon.colcon_core.environment:create_file_with_runtime_dependencies(/mnt/external/u_manohs/diy_challenge/ros2_ws/src/rc_car_controller/install/rc_car_controller/share/colcon-core/packages/rc_car_controller)
[1.206s] DEBUG:colcon.colcon_parallel_executor.executor.parallel:closing loop
[1.206s] DEBUG:colcon.colcon_parallel_executor.executor.parallel:loop closed
[1.206s] DEBUG:colcon.colcon_parallel_executor.executor.parallel:run_until_complete finished with '0'
[1.206s] DEBUG:colcon.colcon_core.event_reactor:joining thread
[1.207s] DEBUG:colcon.colcon_core.event_reactor:joined thread
[1.207s] INFO:colcon.colcon_core.shell:Creating prefix script '/mnt/external/u_manohs/diy_challenge/ros2_ws/src/rc_car_controller/install/local_setup.ps1'
[1.207s] INFO:colcon.colcon_core.shell:Creating prefix util module '/mnt/external/u_manohs/diy_challenge/ros2_ws/src/rc_car_controller/install/_local_setup_util_ps1.py'
[1.208s] INFO:colcon.colcon_core.shell:Creating prefix chain script '/mnt/external/u_manohs/diy_challenge/ros2_ws/src/rc_car_controller/install/setup.ps1'
[1.208s] INFO:colcon.colcon_core.shell:Creating prefix script '/mnt/external/u_manohs/diy_challenge/ros2_ws/src/rc_car_controller/install/local_setup.sh'
[1.209s] INFO:colcon.colcon_core.shell:Creating prefix util module '/mnt/external/u_manohs/diy_challenge/ros2_ws/src/rc_car_controller/install/_local_setup_util_sh.py'
[1.209s] INFO:colcon.colcon_core.shell:Creating prefix chain script '/mnt/external/u_manohs/diy_challenge/ros2_ws/src/rc_car_controller/install/setup.sh'
[1.210s] INFO:colcon.colcon_core.shell:Creating prefix script '/mnt/external/u_manohs/diy_challenge/ros2_ws/src/rc_car_controller/install/local_setup.bash'
[1.210s] INFO:colcon.colcon_core.shell:Creating prefix chain script '/mnt/external/u_manohs/diy_challenge/ros2_ws/src/rc_car_controller/install/setup.bash'
[1.210s] INFO:colcon.colcon_core.shell:Creating prefix script '/mnt/external/u_manohs/diy_challenge/ros2_ws/src/rc_car_controller/install/local_setup.zsh'
[1.211s] INFO:colcon.colcon_core.shell:Creating prefix chain script '/mnt/external/u_manohs/diy_challenge/ros2_ws/src/rc_car_controller/install/setup.zsh'
