running egg_info
creating build/rc_car_controller/rc_car_controller.egg-info
writing build/rc_car_controller/rc_car_controller.egg-info/PKG-INFO
writing dependency_links to build/rc_car_controller/rc_car_controller.egg-info/dependency_links.txt
writing entry points to build/rc_car_controller/rc_car_controller.egg-info/entry_points.txt
writing requirements to build/rc_car_controller/rc_car_controller.egg-info/requires.txt
writing top-level names to build/rc_car_controller/rc_car_controller.egg-info/top_level.txt
writing manifest file 'build/rc_car_controller/rc_car_controller.egg-info/SOURCES.txt'
reading manifest file 'build/rc_car_controller/rc_car_controller.egg-info/SOURCES.txt'
writing manifest file 'build/rc_car_controller/rc_car_controller.egg-info/SOURCES.txt'
running build
running build_py
creating /home/turbotitans/ros2_ws/src/rc_car_controller/build/rc_car_controller/build
creating /home/turbotitans/ros2_ws/src/rc_car_controller/build/rc_car_controller/build/lib
creating /home/turbotitans/ros2_ws/src/rc_car_controller/build/rc_car_controller/build/lib/rc_car_controller
copying rc_car_controller/rc_car_controller_node.py -> /home/turbotitans/ros2_ws/src/rc_car_controller/build/rc_car_controller/build/lib/rc_car_controller
copying rc_car_controller/teleop_keyboard.py -> /home/turbotitans/ros2_ws/src/rc_car_controller/build/rc_car_controller/build/lib/rc_car_controller
copying rc_car_controller/__init__.py -> /home/turbotitans/ros2_ws/src/rc_car_controller/build/rc_car_controller/build/lib/rc_car_controller
copying rc_car_controller/pca9685.py -> /home/turbotitans/ros2_ws/src/rc_car_controller/build/rc_car_controller/build/lib/rc_car_controller
running install
running install_lib
creating /home/turbotitans/ros2_ws/src/rc_car_controller/install/rc_car_controller/lib/python3.12/site-packages/rc_car_controller
copying /home/turbotitans/ros2_ws/src/rc_car_controller/build/rc_car_controller/build/lib/rc_car_controller/rc_car_controller_node.py -> /home/turbotitans/ros2_ws/src/rc_car_controller/install/rc_car_controller/lib/python3.12/site-packages/rc_car_controller
copying /home/turbotitans/ros2_ws/src/rc_car_controller/build/rc_car_controller/build/lib/rc_car_controller/teleop_keyboard.py -> /home/turbotitans/ros2_ws/src/rc_car_controller/install/rc_car_controller/lib/python3.12/site-packages/rc_car_controller
copying /home/turbotitans/ros2_ws/src/rc_car_controller/build/rc_car_controller/build/lib/rc_car_controller/__init__.py -> /home/turbotitans/ros2_ws/src/rc_car_controller/install/rc_car_controller/lib/python3.12/site-packages/rc_car_controller
copying /home/turbotitans/ros2_ws/src/rc_car_controller/build/rc_car_controller/build/lib/rc_car_controller/pca9685.py -> /home/turbotitans/ros2_ws/src/rc_car_controller/install/rc_car_controller/lib/python3.12/site-packages/rc_car_controller
byte-compiling /home/turbotitans/ros2_ws/src/rc_car_controller/install/rc_car_controller/lib/python3.12/site-packages/rc_car_controller/rc_car_controller_node.py to rc_car_controller_node.cpython-312.pyc
byte-compiling /home/turbotitans/ros2_ws/src/rc_car_controller/install/rc_car_controller/lib/python3.12/site-packages/rc_car_controller/teleop_keyboard.py to teleop_keyboard.cpython-312.pyc
byte-compiling /home/turbotitans/ros2_ws/src/rc_car_controller/install/rc_car_controller/lib/python3.12/site-packages/rc_car_controller/__init__.py to __init__.cpython-312.pyc
byte-compiling /home/turbotitans/ros2_ws/src/rc_car_controller/install/rc_car_controller/lib/python3.12/site-packages/rc_car_controller/pca9685.py to pca9685.cpython-312.pyc
running install_data
creating /home/turbotitans/ros2_ws/src/rc_car_controller/install/rc_car_controller/share/ament_index
creating /home/turbotitans/ros2_ws/src/rc_car_controller/install/rc_car_controller/share/ament_index/resource_index
creating /home/turbotitans/ros2_ws/src/rc_car_controller/install/rc_car_controller/share/ament_index/resource_index/packages
copying resource/rc_car_controller -> /home/turbotitans/ros2_ws/src/rc_car_controller/install/rc_car_controller/share/ament_index/resource_index/packages
copying package.xml -> /home/turbotitans/ros2_ws/src/rc_car_controller/install/rc_car_controller/share/rc_car_controller
creating /home/turbotitans/ros2_ws/src/rc_car_controller/install/rc_car_controller/share/rc_car_controller/launch
copying launch/rc_car_controller.launch.py -> /home/turbotitans/ros2_ws/src/rc_car_controller/install/rc_car_controller/share/rc_car_controller/launch
copying launch/teleop.launch.py -> /home/turbotitans/ros2_ws/src/rc_car_controller/install/rc_car_controller/share/rc_car_controller/launch
creating /home/turbotitans/ros2_ws/src/rc_car_controller/install/rc_car_controller/share/rc_car_controller/config
copying config/params.yaml -> /home/turbotitans/ros2_ws/src/rc_car_controller/install/rc_car_controller/share/rc_car_controller/config
running install_egg_info
Copying build/rc_car_controller/rc_car_controller.egg-info to /home/turbotitans/ros2_ws/src/rc_car_controller/install/rc_car_controller/lib/python3.12/site-packages/rc_car_controller-0.1.0-py3.12.egg-info
running install_scripts
Installing rc_car_controller_node script to /home/turbotitans/ros2_ws/src/rc_car_controller/install/rc_car_controller/lib/rc_car_controller
Installing teleop_keyboard script to /home/turbotitans/ros2_ws/src/rc_car_controller/install/rc_car_controller/lib/rc_car_controller
writing list of installed files to '/home/turbotitans/ros2_ws/src/rc_car_controller/build/rc_car_controller/install.log'
