[0.642s] Invoking command in '/mnt/external/u_manohs/diy_challenge/ros2_ws/src/rc_car_controller': PS1=\[\e[33m\]${SHORT_PWD}\[\e[0m\] (\[\e[32m\]$(__git_branch)\[\e[0m\])$ PYTHONPATH=/mnt/external/u_manohs/diy_challenge/ros2_ws/src/rc_car_controller/build/rc_car_controller/prefix_override:/usr/lib/python3/dist-packages/colcon_core/task/python/colcon_distutils_commands:/mnt/external/u_manohs/diy_challenge/ros2_ws/src/rc_car_controller/install/rc_car_controller/lib/python3.10/site-packages:${PYTHONPATH} /usr/bin/python3 -W ignore:setup.py install is deprecated -W ignore:easy_install command is deprecated setup.py egg_info --egg-base build/rc_car_controller build --build-base /mnt/external/u_manohs/diy_challenge/ros2_ws/src/rc_car_controller/build/rc_car_controller/build install --record /mnt/external/u_manohs/diy_challenge/ros2_ws/src/rc_car_controller/build/rc_car_controller/install.log --install-scripts $base/lib/rc_car_controller --single-version-externally-managed install_data
[0.798s] running egg_info
[0.798s] creating build/rc_car_controller/rc_car_controller.egg-info
[0.798s] writing build/rc_car_controller/rc_car_controller.egg-info/PKG-INFO
[0.798s] writing dependency_links to build/rc_car_controller/rc_car_controller.egg-info/dependency_links.txt
[0.798s] writing entry points to build/rc_car_controller/rc_car_controller.egg-info/entry_points.txt
[0.798s] writing requirements to build/rc_car_controller/rc_car_controller.egg-info/requires.txt
[0.798s] writing top-level names to build/rc_car_controller/rc_car_controller.egg-info/top_level.txt
[0.799s] writing manifest file 'build/rc_car_controller/rc_car_controller.egg-info/SOURCES.txt'
[0.799s] reading manifest file 'build/rc_car_controller/rc_car_controller.egg-info/SOURCES.txt'
[0.800s] writing manifest file 'build/rc_car_controller/rc_car_controller.egg-info/SOURCES.txt'
[0.800s] running build
[0.800s] running build_py
[0.800s] creating /mnt/external/u_manohs/diy_challenge/ros2_ws/src/rc_car_controller/build/rc_car_controller/build
[0.800s] creating /mnt/external/u_manohs/diy_challenge/ros2_ws/src/rc_car_controller/build/rc_car_controller/build/lib
[0.801s] creating /mnt/external/u_manohs/diy_challenge/ros2_ws/src/rc_car_controller/build/rc_car_controller/build/lib/rc_car_controller
[0.801s] copying rc_car_controller/pca9685.py -> /mnt/external/u_manohs/diy_challenge/ros2_ws/src/rc_car_controller/build/rc_car_controller/build/lib/rc_car_controller
[0.801s] copying rc_car_controller/__init__.py -> /mnt/external/u_manohs/diy_challenge/ros2_ws/src/rc_car_controller/build/rc_car_controller/build/lib/rc_car_controller
[0.801s] copying rc_car_controller/teleop_keyboard.py -> /mnt/external/u_manohs/diy_challenge/ros2_ws/src/rc_car_controller/build/rc_car_controller/build/lib/rc_car_controller
[0.801s] copying rc_car_controller/rc_car_controller_node.py -> /mnt/external/u_manohs/diy_challenge/ros2_ws/src/rc_car_controller/build/rc_car_controller/build/lib/rc_car_controller
[0.801s] running install
[0.801s] running install_lib
[0.801s] creating /mnt/external/u_manohs/diy_challenge/ros2_ws/src/rc_car_controller/install/rc_car_controller/lib/python3.10/site-packages/rc_car_controller
[0.801s] copying /mnt/external/u_manohs/diy_challenge/ros2_ws/src/rc_car_controller/build/rc_car_controller/build/lib/rc_car_controller/pca9685.py -> /mnt/external/u_manohs/diy_challenge/ros2_ws/src/rc_car_controller/install/rc_car_controller/lib/python3.10/site-packages/rc_car_controller
[0.801s] copying /mnt/external/u_manohs/diy_challenge/ros2_ws/src/rc_car_controller/build/rc_car_controller/build/lib/rc_car_controller/__init__.py -> /mnt/external/u_manohs/diy_challenge/ros2_ws/src/rc_car_controller/install/rc_car_controller/lib/python3.10/site-packages/rc_car_controller
[0.802s] copying /mnt/external/u_manohs/diy_challenge/ros2_ws/src/rc_car_controller/build/rc_car_controller/build/lib/rc_car_controller/teleop_keyboard.py -> /mnt/external/u_manohs/diy_challenge/ros2_ws/src/rc_car_controller/install/rc_car_controller/lib/python3.10/site-packages/rc_car_controller
[0.802s] copying /mnt/external/u_manohs/diy_challenge/ros2_ws/src/rc_car_controller/build/rc_car_controller/build/lib/rc_car_controller/rc_car_controller_node.py -> /mnt/external/u_manohs/diy_challenge/ros2_ws/src/rc_car_controller/install/rc_car_controller/lib/python3.10/site-packages/rc_car_controller
[0.802s] byte-compiling /mnt/external/u_manohs/diy_challenge/ros2_ws/src/rc_car_controller/install/rc_car_controller/lib/python3.10/site-packages/rc_car_controller/pca9685.py to pca9685.cpython-310.pyc
[0.802s] byte-compiling /mnt/external/u_manohs/diy_challenge/ros2_ws/src/rc_car_controller/install/rc_car_controller/lib/python3.10/site-packages/rc_car_controller/__init__.py to __init__.cpython-310.pyc
[0.803s] byte-compiling /mnt/external/u_manohs/diy_challenge/ros2_ws/src/rc_car_controller/install/rc_car_controller/lib/python3.10/site-packages/rc_car_controller/teleop_keyboard.py to teleop_keyboard.cpython-310.pyc
[0.803s] byte-compiling /mnt/external/u_manohs/diy_challenge/ros2_ws/src/rc_car_controller/install/rc_car_controller/lib/python3.10/site-packages/rc_car_controller/rc_car_controller_node.py to rc_car_controller_node.cpython-310.pyc
[0.804s] running install_data
[0.804s] creating /mnt/external/u_manohs/diy_challenge/ros2_ws/src/rc_car_controller/install/rc_car_controller/share/ament_index
[0.804s] creating /mnt/external/u_manohs/diy_challenge/ros2_ws/src/rc_car_controller/install/rc_car_controller/share/ament_index/resource_index
[0.804s] creating /mnt/external/u_manohs/diy_challenge/ros2_ws/src/rc_car_controller/install/rc_car_controller/share/ament_index/resource_index/packages
[0.804s] copying resource/rc_car_controller -> /mnt/external/u_manohs/diy_challenge/ros2_ws/src/rc_car_controller/install/rc_car_controller/share/ament_index/resource_index/packages
[0.804s] copying package.xml -> /mnt/external/u_manohs/diy_challenge/ros2_ws/src/rc_car_controller/install/rc_car_controller/share/rc_car_controller
[0.804s] creating /mnt/external/u_manohs/diy_challenge/ros2_ws/src/rc_car_controller/install/rc_car_controller/share/rc_car_controller/launch
[0.804s] copying launch/rc_car_controller.launch.py -> /mnt/external/u_manohs/diy_challenge/ros2_ws/src/rc_car_controller/install/rc_car_controller/share/rc_car_controller/launch
[0.805s] copying launch/teleop.launch.py -> /mnt/external/u_manohs/diy_challenge/ros2_ws/src/rc_car_controller/install/rc_car_controller/share/rc_car_controller/launch
[0.805s] creating /mnt/external/u_manohs/diy_challenge/ros2_ws/src/rc_car_controller/install/rc_car_controller/share/rc_car_controller/config
[0.805s] copying config/params.yaml -> /mnt/external/u_manohs/diy_challenge/ros2_ws/src/rc_car_controller/install/rc_car_controller/share/rc_car_controller/config
[0.805s] running install_egg_info
[0.806s] Copying build/rc_car_controller/rc_car_controller.egg-info to /mnt/external/u_manohs/diy_challenge/ros2_ws/src/rc_car_controller/install/rc_car_controller/lib/python3.10/site-packages/rc_car_controller-0.1.0-py3.10.egg-info
[0.806s] running install_scripts
[0.818s] Installing rc_car_controller_node script to /mnt/external/u_manohs/diy_challenge/ros2_ws/src/rc_car_controller/install/rc_car_controller/lib/rc_car_controller
[0.819s] Installing teleop_keyboard script to /mnt/external/u_manohs/diy_challenge/ros2_ws/src/rc_car_controller/install/rc_car_controller/lib/rc_car_controller
[0.819s] writing list of installed files to '/mnt/external/u_manohs/diy_challenge/ros2_ws/src/rc_car_controller/build/rc_car_controller/install.log'
[0.832s] Invoked command in '/mnt/external/u_manohs/diy_challenge/ros2_ws/src/rc_car_controller' returned '0': PS1=\[\e[33m\]${SHORT_PWD}\[\e[0m\] (\[\e[32m\]$(__git_branch)\[\e[0m\])$ PYTHONPATH=/mnt/external/u_manohs/diy_challenge/ros2_ws/src/rc_car_controller/build/rc_car_controller/prefix_override:/usr/lib/python3/dist-packages/colcon_core/task/python/colcon_distutils_commands:/mnt/external/u_manohs/diy_challenge/ros2_ws/src/rc_car_controller/install/rc_car_controller/lib/python3.10/site-packages:${PYTHONPATH} /usr/bin/python3 -W ignore:setup.py install is deprecated -W ignore:easy_install command is deprecated setup.py egg_info --egg-base build/rc_car_controller build --build-base /mnt/external/u_manohs/diy_challenge/ros2_ws/src/rc_car_controller/build/rc_car_controller/build install --record /mnt/external/u_manohs/diy_challenge/ros2_ws/src/rc_car_controller/build/rc_car_controller/install.log --install-scripts $base/lib/rc_car_controller --single-version-externally-managed install_data
