running egg_info
creating build/rc_car_controller/rc_car_controller.egg-info
writing build/rc_car_controller/rc_car_controller.egg-info/PKG-INFO
writing dependency_links to build/rc_car_controller/rc_car_controller.egg-info/dependency_links.txt
writing entry points to build/rc_car_controller/rc_car_controller.egg-info/entry_points.txt
writing requirements to build/rc_car_controller/rc_car_controller.egg-info/requires.txt
writing top-level names to build/rc_car_controller/rc_car_controller.egg-info/top_level.txt
writing manifest file 'build/rc_car_controller/rc_car_controller.egg-info/SOURCES.txt'
reading manifest file 'build/rc_car_controller/rc_car_controller.egg-info/SOURCES.txt'
writing manifest file 'build/rc_car_controller/rc_car_controller.egg-info/SOURCES.txt'
running build
running build_py
creating /mnt/external/u_manohs/diy_challenge/ros2_ws/src/rc_car_controller/build/rc_car_controller/build
creating /mnt/external/u_manohs/diy_challenge/ros2_ws/src/rc_car_controller/build/rc_car_controller/build/lib
creating /mnt/external/u_manohs/diy_challenge/ros2_ws/src/rc_car_controller/build/rc_car_controller/build/lib/rc_car_controller
copying rc_car_controller/pca9685.py -> /mnt/external/u_manohs/diy_challenge/ros2_ws/src/rc_car_controller/build/rc_car_controller/build/lib/rc_car_controller
copying rc_car_controller/__init__.py -> /mnt/external/u_manohs/diy_challenge/ros2_ws/src/rc_car_controller/build/rc_car_controller/build/lib/rc_car_controller
copying rc_car_controller/teleop_keyboard.py -> /mnt/external/u_manohs/diy_challenge/ros2_ws/src/rc_car_controller/build/rc_car_controller/build/lib/rc_car_controller
copying rc_car_controller/rc_car_controller_node.py -> /mnt/external/u_manohs/diy_challenge/ros2_ws/src/rc_car_controller/build/rc_car_controller/build/lib/rc_car_controller
running install
running install_lib
creating /mnt/external/u_manohs/diy_challenge/ros2_ws/src/rc_car_controller/install/rc_car_controller/lib/python3.10/site-packages/rc_car_controller
copying /mnt/external/u_manohs/diy_challenge/ros2_ws/src/rc_car_controller/build/rc_car_controller/build/lib/rc_car_controller/pca9685.py -> /mnt/external/u_manohs/diy_challenge/ros2_ws/src/rc_car_controller/install/rc_car_controller/lib/python3.10/site-packages/rc_car_controller
copying /mnt/external/u_manohs/diy_challenge/ros2_ws/src/rc_car_controller/build/rc_car_controller/build/lib/rc_car_controller/__init__.py -> /mnt/external/u_manohs/diy_challenge/ros2_ws/src/rc_car_controller/install/rc_car_controller/lib/python3.10/site-packages/rc_car_controller
copying /mnt/external/u_manohs/diy_challenge/ros2_ws/src/rc_car_controller/build/rc_car_controller/build/lib/rc_car_controller/teleop_keyboard.py -> /mnt/external/u_manohs/diy_challenge/ros2_ws/src/rc_car_controller/install/rc_car_controller/lib/python3.10/site-packages/rc_car_controller
copying /mnt/external/u_manohs/diy_challenge/ros2_ws/src/rc_car_controller/build/rc_car_controller/build/lib/rc_car_controller/rc_car_controller_node.py -> /mnt/external/u_manohs/diy_challenge/ros2_ws/src/rc_car_controller/install/rc_car_controller/lib/python3.10/site-packages/rc_car_controller
byte-compiling /mnt/external/u_manohs/diy_challenge/ros2_ws/src/rc_car_controller/install/rc_car_controller/lib/python3.10/site-packages/rc_car_controller/pca9685.py to pca9685.cpython-310.pyc
byte-compiling /mnt/external/u_manohs/diy_challenge/ros2_ws/src/rc_car_controller/install/rc_car_controller/lib/python3.10/site-packages/rc_car_controller/__init__.py to __init__.cpython-310.pyc
byte-compiling /mnt/external/u_manohs/diy_challenge/ros2_ws/src/rc_car_controller/install/rc_car_controller/lib/python3.10/site-packages/rc_car_controller/teleop_keyboard.py to teleop_keyboard.cpython-310.pyc
byte-compiling /mnt/external/u_manohs/diy_challenge/ros2_ws/src/rc_car_controller/install/rc_car_controller/lib/python3.10/site-packages/rc_car_controller/rc_car_controller_node.py to rc_car_controller_node.cpython-310.pyc
running install_data
creating /mnt/external/u_manohs/diy_challenge/ros2_ws/src/rc_car_controller/install/rc_car_controller/share/ament_index
creating /mnt/external/u_manohs/diy_challenge/ros2_ws/src/rc_car_controller/install/rc_car_controller/share/ament_index/resource_index
creating /mnt/external/u_manohs/diy_challenge/ros2_ws/src/rc_car_controller/install/rc_car_controller/share/ament_index/resource_index/packages
copying resource/rc_car_controller -> /mnt/external/u_manohs/diy_challenge/ros2_ws/src/rc_car_controller/install/rc_car_controller/share/ament_index/resource_index/packages
copying package.xml -> /mnt/external/u_manohs/diy_challenge/ros2_ws/src/rc_car_controller/install/rc_car_controller/share/rc_car_controller
creating /mnt/external/u_manohs/diy_challenge/ros2_ws/src/rc_car_controller/install/rc_car_controller/share/rc_car_controller/launch
copying launch/rc_car_controller.launch.py -> /mnt/external/u_manohs/diy_challenge/ros2_ws/src/rc_car_controller/install/rc_car_controller/share/rc_car_controller/launch
copying launch/teleop.launch.py -> /mnt/external/u_manohs/diy_challenge/ros2_ws/src/rc_car_controller/install/rc_car_controller/share/rc_car_controller/launch
creating /mnt/external/u_manohs/diy_challenge/ros2_ws/src/rc_car_controller/install/rc_car_controller/share/rc_car_controller/config
copying config/params.yaml -> /mnt/external/u_manohs/diy_challenge/ros2_ws/src/rc_car_controller/install/rc_car_controller/share/rc_car_controller/config
running install_egg_info
Copying build/rc_car_controller/rc_car_controller.egg-info to /mnt/external/u_manohs/diy_challenge/ros2_ws/src/rc_car_controller/install/rc_car_controller/lib/python3.10/site-packages/rc_car_controller-0.1.0-py3.10.egg-info
running install_scripts
Installing rc_car_controller_node script to /mnt/external/u_manohs/diy_challenge/ros2_ws/src/rc_car_controller/install/rc_car_controller/lib/rc_car_controller
Installing teleop_keyboard script to /mnt/external/u_manohs/diy_challenge/ros2_ws/src/rc_car_controller/install/rc_car_controller/lib/rc_car_controller
writing list of installed files to '/mnt/external/u_manohs/diy_challenge/ros2_ws/src/rc_car_controller/build/rc_car_controller/install.log'
